// Jest Snapshot v1, https://goo.gl/fbAQLP

exports[`components <CategoryItem/> renders correctly 1`] = `
<div>
  <li
    className="category"
    onClick={undefined}
  >
    paint
  </li>
</div>
`;
