// Jest Snapshot v1, https://goo.gl/fbAQLP

exports[`components <MenuB /> renders correctly 1`] = `
<header>
  <nav>
    <ul>
      <li>
        <a
          href="#top"
          onClick={[Function]}
        >
          Home
        </a>
      </li>
      <li>
        <a
          href="#about"
          onClick={[Function]}
        >
          About
        </a>
      </li>
      <li>
        <a
          onClick={[Function]}
          style={Object {}}
        >
          Archive
        </a>
      </li>
      <li
        className="contactMobile"
      >
        <a
          href="mailto:magdamargaretha@gmail.com?Subject=magdenmagden"
        >
          Contact
        </a>
      </li>
      <li
        className="contactWeb"
      >
        <a
          href="#contact"
          onClick={[Function]}
        >
          Contact
        </a>
      </li>
    </ul>
  </nav>
</header>
`;
