// Jest Snapshot v1, https://goo.gl/fbAQLP

exports[`components <ProductContainer/> renders correctly 1`] = `
<div>
  <div
    className="prodContainer"
  >
    <div
      className="product hvr-sink"
      onClick={[Function]}
    >
      <noscript />
      <h3>
        clowd
      </h3>
      <p>
        matt emulsion
      </p>
      <p>
        100x130
         cm
      </p>
    </div>
    <div
      className="product hvr-sink"
      onClick={[Function]}
    >
      <noscript />
      <h3>
        d√•lig sikt
      </h3>
      <p>
        matt emulsion/olja/akryl
      </p>
      <p>
        100x130
         cm
      </p>
    </div>
  </div>
</div>
`;
